// Jest Snapshot v1, https://goo.gl/fbAQLP

exports[`App Component should render without throwing an error 1`] = `
Array [
  <section
    className="container"
  >
    <aside
      className="side"
    >
      Loading...
    </aside>
    <main
      className="main"
    >
      Loading...
    </main>
  </section>,
  <div
    className="spinner"
    style={
      Object {
        "display": "block",
        "fontSize": "3em",
        "left": "50%",
        "top": "50%",
      }
    }
  >
    <span
      className="fa fa-circle-o-notch fa-spin"
    />
  </div>,
]
`;
